// Vitest Snapshot v1, https://vitest.dev/guide/snapshot.html

exports[`Lang box basics > should exclude languages set by \`EXCLUDE\` 1`] = `
{
  "description": "💻 Programming Language Stats",
  "files": {
    "gistfile1.txt": {
      "content": " TypeScript ████████████████░░░░░░░░░░░░░░░░░░░░ 43.52%
 JavaScript ███████████░░░░░░░░░░░░░░░░░░░░░░░░░ 29.81%
     Python ████░░░░░░░░░░░░░░░░░░░░░░░░░░░░░░░░ 10.13%
       Rust ████░░░░░░░░░░░░░░░░░░░░░░░░░░░░░░░░  9.08%
      Swift ██░░░░░░░░░░░░░░░░░░░░░░░░░░░░░░░░░░  3.45%
        Vue ██░░░░░░░░░░░░░░░░░░░░░░░░░░░░░░░░░░  3.26%
Objective-C █░░░░░░░░░░░░░░░░░░░░░░░░░░░░░░░░░░░  0.75%",
    },
  },
  "gist_id": "00000000000000000000000000000000",
}
`;

exports[`Lang box basics > should updates the Gist with the expected string 1`] = `
{
  "description": "💻 Programming Language Stats",
  "files": {
    "gistfile1.txt": {
      "content": " TypeScript ███████████████░░░░░░░░░░░░░░░░░░░░░ 39.98%
 JavaScript ██████████░░░░░░░░░░░░░░░░░░░░░░░░░░ 27.38%
     Python ████░░░░░░░░░░░░░░░░░░░░░░░░░░░░░░░░  9.30%
       Rust ████░░░░░░░░░░░░░░░░░░░░░░░░░░░░░░░░  8.34%
   Markdown ██░░░░░░░░░░░░░░░░░░░░░░░░░░░░░░░░░░  3.33%
      Swift ██░░░░░░░░░░░░░░░░░░░░░░░░░░░░░░░░░░  3.17%
        Vue ██░░░░░░░░░░░░░░░░░░░░░░░░░░░░░░░░░░  3.00%
Jupyter Not…█░░░░░░░░░░░░░░░░░░░░░░░░░░░░░░░░░░░  2.31%
      Shell █░░░░░░░░░░░░░░░░░░░░░░░░░░░░░░░░░░░  1.40%
       YAML █░░░░░░░░░░░░░░░░░░░░░░░░░░░░░░░░░░░  0.87%
Objective-C █░░░░░░░░░░░░░░░░░░░░░░░░░░░░░░░░░░░  0.69%
       JSON █░░░░░░░░░░░░░░░░░░░░░░░░░░░░░░░░░░░  0.25%",
    },
  },
  "gist_id": "00000000000000000000000000000000",
}
`;
